[11Aug2026 14:41:25.102] [main/INFO] [net.neoforged.fml.startup.Entrypoint/]: JVM Uptime at startup: 990ms
[11Aug2026 14:41:25.133] [main/INFO] [net.neoforged.fml.loading.FMLLoader/]: Starting FancyModLoader version 11.0.15 (CLIENT in DEV)
[11Aug2026 14:41:25.133] [main/INFO] [net.neoforged.fml.loading.FMLLoader/]: Game directory: C:\Users\mjiss\Downloads\minecraftmod\Ascension-SortOfSmart\run-2
[11Aug2026 14:41:25.282] [main/INFO] [net.neoforged.fml.loading.EarlyServiceDiscovery/]: Found 2 early service jars (out of 109) in 63ms
[11Aug2026 14:41:25.284] [main/INFO] [net.neoforged.fml.loading.FMLLoader/]: Loading FML Early Services:
[11Aug2026 14:41:25.286] [main/INFO] [net.neoforged.fml.loading.FMLLoader/]:  - C:/Users/mjiss/.gradle/caches/modules-2/files-2.1/net.neoforged.fancymodloader/loader/11.0.15/69ddd98736a6b095783523404d1af8992842722/loader-11.0.15.jar
[11Aug2026 14:41:25.287] [main/INFO] [net.neoforged.fml.loading.FMLLoader/]:  - C:/Users/mjiss/.gradle/caches/modules-2/files-2.1/net.neoforged.fancymodloader/earlydisplay/11.0.15/b254aa4ec40828f8ce65411dcb7fb9f6ce008064/earlydisplay-11.0.15.jar
[11Aug2026 14:41:25.298] [main/INFO] [net.neoforged.fml.loading.ImmediateWindowHandler/]: Loading ImmediateWindowProvider fmlearlywindow
[11Aug2026 14:41:26.893] [ForkJoinPool.commonPool-worker-8/INFO] [net.neoforged.fml.loading.moddiscovery.locators.GameLocator/]: Detected a joined NeoForge and Minecraft configuration. Applying filtering...
[11Aug2026 14:41:26.974] [fml-loadingscreen/INFO] [net.neoforged.fml.earlydisplay.render.LoadingScreenRenderer/]: GL info: Intel(R) Graphics GL version 3.3.0 - Build 32.0.101.7077, Intel
[11Aug2026 14:41:27.416] [ForkJoinPool.commonPool-worker-8/INFO] [net.neoforged.fml.loading.moddiscovery.locators.InDevFolderLocator/CORE]: Got mod coordinates ascension%%C:\Users\mjiss\Downloads\minecraftmod\Ascension-SortOfSmart\build\classes\java\main;ascension%%C:\Users\mjiss\Downloads\minecraftmod\Ascension-SortOfSmart\build\resources\main from env
[11Aug2026 14:41:28.467] [ForkJoinPool.commonPool-worker-8/INFO] [net.neoforged.fml.loading.moddiscovery.locators.JarInJarDependencyLocator/]: Found 2 dependencies adding them to mods collection
[11Aug2026 14:41:28.474] [ForkJoinPool.commonPool-worker-8/INFO] [net.neoforged.fml.loading.moddiscovery.ModDiscoverer/]: 
     Mod List:
		Name Version (Mod Id)

		Ascension 0.2.0-bugTest (ascension)
		Easy GUI 2.1 (easy_gui)
		Minecraft 26.1.2 (minecraft)
		NeoForge 26.1.2.81 (neoforge)
		ZenithLib 0.1 (zenithlib)
[11Aug2026 14:41:29.775] [main/INFO] [mixin/]: SpongePowered MIXIN Subsystem Version=0.8.7 Source=file:/C:/Users/mjiss/.gradle/caches/modules-2/files-2.1/net.fabricmc/sponge-mixin/0.17.3+mixin.0.8.7/41c4a3984a80f4679e759fb9f495587acc5cdac7/sponge-mixin-0.17.3+mixin.0.8.7.jar Service=FML Env=CLIENT
[11Aug2026 14:41:29.855] [main/INFO] [net.neoforged.fml.loading.FMLLoader/]: Loading FML Plugins:
[11Aug2026 14:41:29.856] [main/INFO] [net.neoforged.fml.loading.FMLLoader/]:  - C:/Users/mjiss/.gradle/caches/modules-2/files-2.1/net.neoforged/neoforge/26.1.2.81/17cf8f8a1946194c7fa4beae83ec19d98d2e9022/neoforge-26.1.2.81-universal.jar > net.neoforged.neoforge-coremods-26.1.2.81.jar
[11Aug2026 14:41:30.287] [main/INFO] [net.neoforged.fml.loading.FMLLoader/]: Building game content classloader:
 - ascension (composite(folder(C:/Users/mjiss/Downloads/minecraftmod/Ascension-SortOfSmart/build/classes/java/main), folder(C:/Users/mjiss/Downloads/minecraftmod/Ascension-SortOfSmart/build/resources/main)))
 - easy_gui (jar(C:/Users/mjiss/.gradle/caches/modules-2/files-2.1/com.github.OliverHesse/EasyGui/d71b1e115c/b7396f7a337bd29082a06759880285cc67f24fad/EasyGui-d71b1e115c.jar))
 - minecraft (composite(filtered(jar(C:/Users/mjiss/Downloads/minecraftmod/Ascension-SortOfSmart/build/moddev/artifacts/minecraft-patched-26.1.2.81.jar)), filtered(jar(C:/Users/mjiss/Downloads/minecraftmod/Ascension-SortOfSmart/build/moddev/artifacts/minecraft-patched-26.1.2.81.jar))))
 - mixinextras.neoforge (jar(C:/Users/mjiss/.gradle/caches/modules-2/files-2.1/net.neoforged/neoforge/26.1.2.81/17cf8f8a1946194c7fa4beae83ec19d98d2e9022/neoforge-26.1.2.81-universal.jar > mixinextras-neoforge-0.5.4.jar))
 - neoforge (composite(filtered(jar(C:/Users/mjiss/.gradle/caches/modules-2/files-2.1/net.neoforged/neoforge/26.1.2.81/17cf8f8a1946194c7fa4beae83ec19d98d2e9022/neoforge-26.1.2.81-universal.jar))))
 - net.neoforged.fml.generated (empty(VirtualJar/net.neoforged.fml.generated))
 - zenithlib (jar(C:/Users/mjiss/.gradle/caches/modules-2/files-2.1/com.github.MrEizy/ZenithLib/6c208f8/22b5a56927e76583a874551455928a7a28779de9/ZenithLib-6c208f8.jar))
[11Aug2026 14:41:30.326] [main/INFO] [net.neoforged.fml.loading.FMLLoader/]: Built game content classloader in 69ms
[11Aug2026 14:41:30.518] [main/WARN] [mixin/]: Reference map 'zenithlib.refmap.json' for zenithlib.mixins.json could not be read. If this is a development environment you can ignore this message
[11Aug2026 14:41:34.681] [Datafixer Bootstrap/INFO] [com.mojang.datafixers.DataFixerBuilder/]: 294 Datafixer optimizations took 842 milliseconds
[11Aug2026 14:41:34.835] [pool-10-thread-1/INFO] [MixinExtras|Service/]: Initializing MixinExtras via com.llamalad7.mixinextras.service.MixinExtrasServiceImpl(version=0.5.4).
[11Aug2026 14:41:49.058] [main/WARN] [net.minecraft.commands.Commands/]: Ambiguity between arguments [teleport, location] and [teleport, destination] with inputs: [0.1 -0.5 .9, 0 0 0]
[11Aug2026 14:41:49.061] [main/WARN] [net.minecraft.commands.Commands/]: Ambiguity between arguments [teleport, location] and [teleport, targets] with inputs: [0.1 -0.5 .9, 0 0 0]
[11Aug2026 14:41:49.068] [main/WARN] [net.minecraft.commands.Commands/]: Ambiguity between arguments [teleport, destination] and [teleport, targets] with inputs: [Player, 0123, @e, dd12be42-52a9-4a91-a8a1-11c01849e498]
[11Aug2026 14:41:49.076] [main/WARN] [net.minecraft.commands.Commands/]: Ambiguity between arguments [teleport, targets] and [teleport, destination] with inputs: [Player, 0123, dd12be42-52a9-4a91-a8a1-11c01849e498]
[11Aug2026 14:41:49.082] [main/WARN] [net.minecraft.commands.Commands/]: Ambiguity between arguments [teleport, targets, location] and [teleport, targets, destination] with inputs: [0.1 -0.5 .9, 0 0 0]
[11Aug2026 14:41:49.087] [main/WARN] [net.minecraft.commands.Commands/]: Ambiguity between arguments [time, set, time] and [time, set, timemarker] with inputs: [0, 0s, 0d, 0t]
[11Aug2026 14:41:49.091] [main/WARN] [net.minecraft.commands.Commands/]: Ambiguity between arguments [time, set, timemarker] and [time, set, time] with inputs: [012]
[11Aug2026 14:41:49.095] [main/WARN] [net.minecraft.commands.Commands/]: Ambiguity between arguments [time, of, clock, set, time] and [time, of, clock, set, timemarker] with inputs: [0, 0s, 0d, 0t]
[11Aug2026 14:41:49.100] [main/WARN] [net.minecraft.commands.Commands/]: Ambiguity between arguments [time, of, clock, set, timemarker] and [time, of, clock, set, time] with inputs: [012]
[11Aug2026 14:41:49.103] [main/WARN] [net.minecraft.commands.Commands/]: Ambiguity between arguments [waypoint, modify, waypoint, color, reset] and [waypoint, modify, waypoint, color, color] with inputs: [reset]
[11Aug2026 14:41:49.285] [modloading-worker-0/INFO] [net.neoforged.neoforge.common.NeoForgeMod/NEOFORGE-MOD]: NeoForge mod loading, version 26.1.2.81, for MC 26.1.2
[11Aug2026 14:41:50.335] [modloading-sync-worker/INFO] [net.zic.ascension.AscensionCraft/]: Creating type registries
[11Aug2026 14:41:50.335] [modloading-sync-worker/INFO] [net.zic.ascension.AscensionCraft/]: Finished loading type registries
[11Aug2026 14:41:50.337] [modloading-sync-worker/INFO] [net.zic.ascension.AscensionCraft/]: Creating core registries
[11Aug2026 14:41:50.362] [modloading-sync-worker/INFO] [net.zic.ascension.AscensionCraft/]: Creating Biome Configuration Registry
[11Aug2026 14:41:50.383] [modloading-sync-worker/INFO] [net.zic.ascension.AscensionCraft/]: Finished Creating Biome Configuration Registry
[11Aug2026 14:41:50.383] [modloading-sync-worker/INFO] [net.zic.ascension.AscensionCraft/]: Creating Dimension Configuration Registry
[11Aug2026 14:41:50.388] [modloading-sync-worker/INFO] [net.zic.ascension.AscensionCraft/]: Finished Creating Biome Configuration Registry
[11Aug2026 14:41:51.832] [Render thread/INFO] [com.mojang.authlib.yggdrasil.YggdrasilAuthenticationService/]: Environment: Environment[sessionHost=https://sessionserver.mojang.com, servicesHost=https://api.minecraftservices.com, profilesHost=https://api.mojang.com, name=PROD]
[11Aug2026 14:41:51.877] [Render thread/INFO] [net.minecraft.client.Minecraft/]: Setting user: Dev2
[11Aug2026 14:41:52.161] [Render thread/INFO] [net.minecraft.client.Minecraft/]: Backend library: LWJGL version 3.4.1+2
[11Aug2026 14:41:52.754] [Render thread/INFO] [net.minecraft.client.Minecraft/]: Using optional rendering extensions: GL_ARB_buffer_storage, GL_KHR_debug, GL_ARB_vertex_attrib_binding, GL_ARB_direct_state_access, GL_EXT_texture_filter_anisotropic
[11Aug2026 14:41:54.258] [Render thread/INFO] [net.zic.zenithlib.ZenithLib/]: Registered tooltip reload listeners (themes + templates + rules + animation presets + classifications)
[11Aug2026 14:41:54.503] [modloading-sync-worker/INFO] [net.zic.zenithlib.ZenithLib/]: Registered Zenith tooltip value source zenithlib:durability
[11Aug2026 14:41:54.504] [modloading-sync-worker/INFO] [net.zic.zenithlib.ZenithLib/]: Registered Zenith tooltip value source zenithlib:item_name
[11Aug2026 14:41:54.505] [modloading-sync-worker/INFO] [net.zic.zenithlib.ZenithLib/]: Registered Zenith tooltip value source zenithlib:item_id
[11Aug2026 14:41:54.505] [modloading-sync-worker/INFO] [net.zic.zenithlib.ZenithLib/]: Registered Zenith tooltip value source zenithlib:subject_name
[11Aug2026 14:41:54.506] [modloading-sync-worker/INFO] [net.zic.zenithlib.ZenithLib/]: Registered Zenith tooltip value source zenithlib:subject_description
[11Aug2026 14:41:54.506] [modloading-sync-worker/INFO] [net.zic.zenithlib.ZenithLib/]: Registered Zenith tooltip value source zenithlib:subject_id
[11Aug2026 14:41:54.507] [modloading-sync-worker/INFO] [net.zic.zenithlib.ZenithLib/]: Registered Zenith tooltip value source ascension:physique_paths
[11Aug2026 14:41:54.507] [modloading-sync-worker/INFO] [net.zic.zenithlib.ZenithLib/]: Registered Zenith tooltip value source ascension:physique_stats
[11Aug2026 14:41:54.507] [modloading-sync-worker/INFO] [net.zic.zenithlib.ZenithLib/]: Registered Zenith tooltip value source ascension:physique_affinities
[11Aug2026 14:41:54.508] [modloading-sync-worker/INFO] [net.zic.zenithlib.ZenithLib/]: Registered Zenith tooltip value source ascension:technique_path
[11Aug2026 14:41:54.508] [modloading-sync-worker/INFO] [net.zic.zenithlib.ZenithLib/]: Registered Zenith tooltip value source ascension:technique_max_realm
[11Aug2026 14:41:54.510] [modloading-sync-worker/INFO] [net.zic.zenithlib.ZenithLib/]: Registered Zenith tooltip value source ascension:technique_progression_gains
[11Aug2026 14:41:54.510] [modloading-sync-worker/INFO] [net.zic.zenithlib.ZenithLib/]: Registered Zenith tooltip value source ascension:bloodline_purity
[11Aug2026 14:41:54.512] [modloading-sync-worker/INFO] [net.zic.zenithlib.ZenithLib/]: Registered Zenith tooltip value source ascension:bloodline_purity_gains
[11Aug2026 14:41:54.512] [modloading-sync-worker/INFO] [net.zic.zenithlib.ZenithLib/]: Registered Zenith tooltip value source ascension:herb_age
[11Aug2026 14:41:54.513] [modloading-sync-worker/INFO] [net.zic.zenithlib.ZenithLib/]: Registered Zenith tooltip value source ascension:herb_quality
[11Aug2026 14:41:54.513] [modloading-sync-worker/INFO] [net.zic.zenithlib.ZenithLib/]: Registered Zenith tooltip value source ascension:herb_origin
[11Aug2026 14:41:54.514] [modloading-sync-worker/INFO] [net.zic.zenithlib.ZenithLib/]: Registered Zenith tooltip element source ascension:physique_paths
[11Aug2026 14:41:54.515] [modloading-sync-worker/INFO] [net.zic.zenithlib.ZenithLib/]: Registered Zenith tooltip element source ascension:physique_stats
[11Aug2026 14:41:54.515] [modloading-sync-worker/INFO] [net.zic.zenithlib.ZenithLib/]: Registered Zenith tooltip element source ascension:physique_affinities
[11Aug2026 14:41:54.516] [modloading-sync-worker/INFO] [net.zic.zenithlib.ZenithLib/]: Registered Zenith tooltip element source ascension:technique_progression_gains
[11Aug2026 14:41:54.516] [modloading-sync-worker/INFO] [net.zic.zenithlib.ZenithLib/]: Registered Zenith tooltip element source ascension:bloodline_purity_gains
[11Aug2026 14:41:54.517] [modloading-sync-worker/INFO] [net.zic.zenithlib.ZenithLib/]: Registered Zenith tooltip element source ascension:herb_quality_badge
[11Aug2026 14:41:54.517] [modloading-sync-worker/INFO] [net.zic.zenithlib.ZenithLib/]: Registered Zenith tooltip element source ascension:herb_related_type_badge
[11Aug2026 14:41:54.518] [modloading-sync-worker/INFO] [net.zic.zenithlib.ZenithLib/]: Registered Zenith tooltip element source ascension:herb_related_target_row
[11Aug2026 14:41:54.532] [modloading-sync-worker/INFO] [net.zic.zenithlib.ZenithLib/]: Registered Zenith tooltip provider ascension:registry_tooltips
[11Aug2026 14:41:54.535] [modloading-sync-worker/INFO] [net.zic.zenithlib.ZenithLib/]: Registered Zenith tooltip provider ascension:herb_related_tooltips
[11Aug2026 14:41:54.537] [modloading-sync-worker/INFO] [net.zic.zenithlib.ZenithLib/]: Registered Zenith tooltip provider ascension:herb_tooltips
[11Aug2026 14:41:54.541] [modloading-sync-worker/INFO] [net.zic.zenithlib.ZenithLib/]: Registered Zenith tooltip provider ascension:tablet_tooltips
[11Aug2026 14:41:54.581] [modloading-sync-worker/INFO] [net.zic.zenithlib.ZenithLib/]: (!) Zenith Lib Client Initialized (!)
[11Aug2026 14:41:54.808] [Render thread/INFO] [net.minecraft.server.packs.resources.ReloadableResourceManager/]: Reloading ResourceManager: vanilla, mod_resources, mod/ascension, mod/easy_gui, mod/zenithlib, mod/neoforge
[11Aug2026 14:41:58.412] [resourceLoad/INFO] [net.minecraft.client.gui.font.providers.UnihexProvider/]: Found unifont_all_no_pua-17.0.01.hex, loading
[11Aug2026 14:41:58.440] [resourceLoad/INFO] [net.minecraft.client.gui.font.providers.UnihexProvider/]: Found unifont_pua-17.0.01.hex, loading
[11Aug2026 14:41:59.799] [resourceLoad/INFO] [net.minecraft.client.gui.font.providers.UnihexProvider/]: Found unifont_jp_patch-17.0.01.hex, loading
[11Aug2026 14:42:03.996] [Render thread/INFO] [com.mojang.blaze3d.audio.Library/]: OpenAL initialized on device OpenAL Soft on Speakers (2- Realtek(R) Audio)
[11Aug2026 14:42:04.003] [Render thread/INFO] [net.minecraft.client.sounds.SoundEngine/SOUNDS]: Sound engine started
[11Aug2026 14:42:04.004] [Render thread/INFO] [net.minecraft.client.renderer.texture.TextureAtlas/]: Created: 512x256x0 minecraft:textures/atlas/particles.png-atlas
[11Aug2026 14:42:04.166] [Render thread/INFO] [net.minecraft.client.renderer.texture.TextureAtlas/]: Created: 128x128x0 minecraft:textures/atlas/decorated_pot.png-atlas
[11Aug2026 14:42:04.183] [Render thread/INFO] [net.minecraft.client.renderer.texture.TextureAtlas/]: Created: 2048x1024x0 minecraft:textures/atlas/armor_trims.png-atlas
[11Aug2026 14:42:04.521] [Render thread/INFO] [net.minecraft.client.renderer.texture.TextureAtlas/]: Created: 512x256x0 minecraft:textures/atlas/paintings.png-atlas
[11Aug2026 14:42:04.548] [Render thread/INFO] [net.minecraft.client.renderer.texture.TextureAtlas/]: Created: 1024x512x0 minecraft:textures/atlas/shield_patterns.png-atlas
[11Aug2026 14:42:04.583] [Render thread/INFO] [net.minecraft.client.renderer.texture.TextureAtlas/]: Created: 2048x2048x4 minecraft:textures/atlas/blocks.png-atlas
[11Aug2026 14:42:08.323] [Render thread/INFO] [net.minecraft.client.renderer.texture.TextureAtlas/]: Created: 512x512x0 minecraft:textures/atlas/chest.png-atlas
[11Aug2026 14:42:08.367] [Render thread/INFO] [net.minecraft.client.renderer.texture.TextureAtlas/]: Created: 256x128x0 minecraft:textures/atlas/celestials.png-atlas
[11Aug2026 14:42:08.399] [Render thread/INFO] [net.minecraft.client.renderer.texture.TextureAtlas/]: Created: 1024x512x0 minecraft:textures/atlas/banner_patterns.png-atlas
[11Aug2026 14:42:08.462] [Render thread/INFO] [net.minecraft.client.renderer.texture.TextureAtlas/]: Created: 512x512x0 minecraft:textures/atlas/beds.png-atlas
[11Aug2026 14:42:08.488] [Render thread/INFO] [net.minecraft.client.renderer.texture.TextureAtlas/]: Created: 1024x512x0 minecraft:textures/atlas/items.png-atlas
[11Aug2026 14:42:09.692] [Render thread/INFO] [net.minecraft.client.renderer.texture.TextureAtlas/]: Created: 1024x1024x0 minecraft:textures/atlas/gui.png-atlas
[11Aug2026 14:42:10.679] [Render thread/INFO] [net.minecraft.client.renderer.texture.TextureAtlas/]: Created: 128x64x0 minecraft:textures/atlas/map_decorations.png-atlas
[11Aug2026 14:42:10.718] [Render thread/INFO] [net.minecraft.client.renderer.texture.TextureAtlas/]: Created: 512x256x0 minecraft:textures/atlas/signs.png-atlas
[11Aug2026 14:42:10.750] [Render thread/INFO] [net.minecraft.client.renderer.texture.TextureAtlas/]: Created: 512x512x0 minecraft:textures/atlas/shulker_boxes.png-atlas
[11Aug2026 14:42:11.436] [Render thread/INFO] [net.neoforged.neoforge.client.entity.animation.json.AnimationLoader/]: Loaded 0 entity animations
[11Aug2026 14:42:11.887] [Render thread/INFO] [net.zic.zenithlib.ZenithLib/]: Loaded 13 Zenith tooltip theme(s)
[11Aug2026 14:42:11.888] [Render thread/INFO] [net.zic.zenithlib.ZenithLib/]: Loaded 27 Zenith tooltip template(s)
[11Aug2026 14:42:11.892] [Render thread/INFO] [net.zic.zenithlib.ZenithLib/]: Loaded 22 Zenith tooltip rule definition(s)
[11Aug2026 14:42:11.896] [Render thread/INFO] [net.zic.zenithlib.ZenithLib/]: Loaded 1 Zenith tooltip animation preset(s)
[11Aug2026 14:42:11.896] [Render thread/INFO] [net.zic.zenithlib.ZenithLib/]: Loaded 6 Zenith classification categor(ies)
[11Aug2026 14:42:11.897] [Render thread/INFO] [net.zic.zenithlib.ZenithLib/]: Loaded 7 Zenith classification rank(s)
[11Aug2026 14:42:11.901] [Render thread/INFO] [net.zic.zenithlib.ZenithLib/]: Loaded 7 Zenith classification rule(s)
[11Aug2026 14:43:14.852] [Render thread/INFO] [net.minecraft.client.gui.screens.ConnectScreen/]: Connecting to localhost, 25565
[11Aug2026 14:43:17.736] [Worker-Main-22/INFO] [net.zic.ascension.AscensionCraft/]: created Simple Physique translation{key='ascension.physique.shallow_core_body_physique.name', args=[]}
[11Aug2026 14:43:17.736] [Worker-Main-14/INFO] [net.zic.ascension.AscensionCraft/]: created Simple Physique translation{key='ascension.physique.weak_spirit_body_physique.name', args=[]}
[11Aug2026 14:43:17.736] [Worker-Main-17/INFO] [net.zic.ascension.AscensionCraft/]: created Simple Physique translation{key='ascension.physique.heavy_bone_physique.name', args=[]}
[11Aug2026 14:43:17.736] [Worker-Main-21/INFO] [net.zic.ascension.AscensionCraft/]: created Simple Physique translation{key='ascension.physique.five_elements_imbalance.name', args=[]}
[11Aug2026 14:43:17.737] [Worker-Main-12/INFO] [net.zic.ascension.AscensionCraft/]: created Simple Physique translation{key='ascension.physique.miasma_lungs_body_physique.name', args=[]}
[11Aug2026 14:43:17.739] [Worker-Main-22/INFO] [net.zic.ascension.AscensionCraft/]: created Simple Physique translation{key='ascension.physique.fire_spirit_body_unstable_physique.name', args=[]}
[11Aug2026 14:43:17.739] [Worker-Main-12/INFO] [net.zic.ascension.AscensionCraft/]: created Simple Physique translation{key='ascension.physique.trembling_earth_body_unstable_physique.name', args=[]}
[11Aug2026 14:43:17.739] [Worker-Main-14/INFO] [net.zic.ascension.AscensionCraft/]: created Simple Physique translation{key='ascension.physique.ice_soul_body_flawed_physique.name', args=[]}
[11Aug2026 14:43:17.739] [Worker-Main-17/INFO] [net.zic.ascension.AscensionCraft/]: created Simple Physique translation{key='ascension.physique.sword_body_flawed_physique.name', args=[]}
[11Aug2026 14:43:17.739] [Worker-Main-21/INFO] [net.zic.ascension.AscensionCraft/]: created Simple Physique translation{key='ascension.physique.thunder_body_unstable_physique.name', args=[]}
[11Aug2026 14:43:17.740] [Worker-Main-13/INFO] [net.zic.ascension.AscensionCraft/]: created Simple Physique translation{key='ascension.physique.sword_bone.name', args=[]}
[11Aug2026 14:43:17.740] [Worker-Main-16/INFO] [net.zic.ascension.AscensionCraft/]: created Simple Physique translation{key='ascension.physique.iron_blossom_body.name', args=[]}
[11Aug2026 14:43:17.740] [Worker-Main-18/INFO] [net.zic.ascension.AscensionCraft/]: created Simple Physique translation{key='ascension.physique.cursed_body_physique.name', args=[]}
[11Aug2026 14:43:17.740] [Worker-Main-15/INFO] [net.zic.ascension.AscensionCraft/]: created Simple Physique translation{key='ascension.physique.frostbitten_vein_body_physique.name', args=[]}
[11Aug2026 14:43:17.740] [Worker-Main-19/INFO] [net.zic.ascension.AscensionCraft/]: created Simple Physique translation{key='ascension.physique.dampened_fire_body_physique.name', args=[]}
[11Aug2026 14:43:17.740] [Worker-Main-20/INFO] [net.zic.ascension.AscensionCraft/]: created Simple Physique translation{key='ascension.physique.brittle_bone_body.name', args=[]}
[11Aug2026 14:43:19.443] [Render thread/WARN] [net.minecraft.client.multiplayer.ClientPacketListener/]: Ignoring chat session from Dev due to missing Services public key
[11Aug2026 14:43:19.444] [Render thread/WARN] [net.minecraft.client.multiplayer.ClientPacketListener/]: Ignoring chat session from Dev2 due to missing Services public key
[11Aug2026 14:43:19.521] [Render thread/INFO] [net.minecraft.client.gui.components.ChatComponent/]: [System] [CHAT] Dev3 joined the game
[11Aug2026 14:43:19.530] [Render thread/WARN] [net.minecraft.client.multiplayer.ClientPacketListener/]: Ignoring chat session from Dev3 due to missing Services public key
[11Aug2026 14:43:19.545] [Render thread/INFO] [net.minecraft.advancements.AdvancementTree/]: Loaded 2 advancements
[11Aug2026 14:43:19.936] [Render thread/INFO] [net.minecraft.client.renderer.DynamicUniformStorage/]: Resizing Dynamic Transforms UBO, capacity limit of 2 reached during a single frame. New capacity will be 4.
[11Aug2026 14:43:20.081] [Render thread/INFO] [net.minecraft.client.renderer.DynamicUniformStorage/]: Resizing Dynamic Transforms UBO, capacity limit of 4 reached during a single frame. New capacity will be 8.
[11Aug2026 14:43:20.927] [Render thread/INFO] [net.minecraft.client.renderer.DynamicUniformStorage/]: Resizing Chunk Sections UBO, capacity limit of 2 reached during a single frame. New capacity will be 8.
[11Aug2026 14:43:21.685] [Render thread/INFO] [net.minecraft.client.renderer.DynamicUniformStorage/]: Resizing Chunk Sections UBO, capacity limit of 8 reached during a single frame. New capacity will be 16.
[11Aug2026 14:43:22.230] [Render thread/INFO] [net.minecraft.client.renderer.DynamicUniformStorage/]: Resizing Chunk Sections UBO, capacity limit of 16 reached during a single frame. New capacity will be 32.
[11Aug2026 14:43:23.693] [Render thread/INFO] [net.minecraft.client.renderer.DynamicUniformStorage/]: Resizing Chunk Sections UBO, capacity limit of 32 reached during a single frame. New capacity will be 64.
[11Aug2026 14:43:24.117] [Render thread/INFO] [net.minecraft.client.renderer.DynamicUniformStorage/]: Resizing Chunk Sections UBO, capacity limit of 64 reached during a single frame. New capacity will be 128.
[11Aug2026 14:43:24.799] [Render thread/INFO] [net.minecraft.client.renderer.DynamicUniformStorage/]: Resizing Chunk Sections UBO, capacity limit of 128 reached during a single frame. New capacity will be 256.
[11Aug2026 14:43:27.663] [Render thread/INFO] [net.minecraft.client.renderer.DynamicUniformStorage/]: Resizing Dynamic Transforms UBO, capacity limit of 8 reached during a single frame. New capacity will be 16.
[11Aug2026 14:43:29.213] [Render thread/INFO] [net.minecraft.client.gui.components.ChatComponent/]: [System] [CHAT] [Debug]: Unable to open game mode switcher; no permission
[11Aug2026 14:43:29.288] [Render thread/INFO] [net.minecraft.client.renderer.DynamicUniformStorage/]: Resizing Chunk Sections UBO, capacity limit of 256 reached during a single frame. New capacity will be 512.
[11Aug2026 14:43:35.768] [Render thread/INFO] [net.minecraft.client.gui.components.ChatComponent/]: [System] [CHAT] [Dev: Made Dev2 a server operator]
[11Aug2026 14:43:38.849] [Render thread/INFO] [net.minecraft.client.gui.components.ChatComponent/]: [System] [CHAT] [Dev: Made Dev3 a server operator]
[11Aug2026 14:43:44.459] [Render thread/INFO] [net.minecraft.client.gui.components.ChatComponent/]: [System] [CHAT] Set own game mode to Creative Mode
[11Aug2026 14:43:48.616] [Render thread/INFO] [net.minecraft.client.gui.components.ChatComponent/]: [System] [CHAT] [Dev3: Set own game mode to Creative Mode]
[11Aug2026 14:44:28.703] [Render thread/INFO] [net.minecraft.client.renderer.DynamicUniformStorage/]: Resizing Chunk Sections UBO, capacity limit of 512 reached during a single frame. New capacity will be 1024.
[11Aug2026 14:47:28.524] [Render thread/INFO] [net.minecraft.client.gui.components.ChatComponent/]: [System] [CHAT] Bid placed.
[11Aug2026 14:47:32.840] [Render thread/INFO] [net.minecraft.client.gui.components.ChatComponent/]: [System] [CHAT] You were outbid on Jade Block.
[11Aug2026 14:59:45.529] [Render thread/WARN] [net.minecraft.client.sounds.SoundEngine/SOUNDS]: Unable to play empty soundEvent: minecraft:entity.salmon.ambient
[11Aug2026 15:10:42.234] [Render thread/INFO] [net.minecraft.client.gui.components.ChatComponent/]: [System] [CHAT] Bid placed.
[11Aug2026 15:10:51.158] [Render thread/INFO] [net.minecraft.client.gui.components.ChatComponent/]: [System] [CHAT] You were outbid on Jade Block.
[11Aug2026 15:11:07.168] [Render thread/INFO] [net.minecraft.client.gui.components.ChatComponent/]: [System] [CHAT] Bid placed.
[11Aug2026 15:11:08.918] [Render thread/INFO] [net.minecraft.client.gui.components.ChatComponent/]: [System] [CHAT] Bid placed.
[11Aug2026 15:11:10.368] [Render thread/INFO] [net.minecraft.client.gui.components.ChatComponent/]: [System] [CHAT] Bid placed.
[11Aug2026 15:11:12.384] [Render thread/INFO] [net.minecraft.client.gui.components.ChatComponent/]: [System] [CHAT] Bid placed.
[11Aug2026 15:17:12.136] [Render thread/INFO] [net.minecraft.client.gui.components.ChatComponent/]: [System] [CHAT] You won Jade Block. It is waiting in your Auction Inbox.
[11Aug2026 15:17:59.387] [Render thread/INFO] [net.minecraft.advancements.AdvancementTree/]: Loaded 3 advancements
[11Aug2026 15:18:07.858] [Render thread/INFO] [net.minecraft.client.gui.components.ChatComponent/]: [System] [CHAT] Dev left the game
[11Aug2026 15:18:09.582] [Render thread/INFO] [net.minecraft.client.gui.components.ChatComponent/]: [System] [CHAT] Dev3 left the game
[11Aug2026 15:18:13.877] [Render thread/INFO] [net.minecraft.client.Minecraft/]: Stopping!
